first part of the stream, first part of the stream, first part of the stream, first part of the stream, first part of the stream, first part of the stream, first part of the stream, first part of the stream, second part after a full flush. second part after a full flush. second part after a full flush. second part after a full flush. second part after a full flush. second part after a full flush. second part after a full flush. second part after a full flush. 